// Jest Snapshot v1, https://goo.gl/fbAQLP

exports[`App with home 1`] = `
<BrowserRouter>
  <div>
    <Header />
    <main>
      <Switch>
        <Route
          component={[Function]}
          exact={true}
          path="/"
        />
        <Route
          path="/characters/:id"
          render={[Function]}
        />
        <Route
          component={[Function]}
          path="/characters"
        />
        <Route
          component={[Function]}
          path="/episodes/:id"
        />
        <Route
          component={[Function]}
          path="/episodes"
        />
        <Route
          component={[Function]}
          exact={true}
          path="/locations"
        />
        <Redirect
          push={false}
          to="/"
        />
      </Switch>
    </main>
  </div>
</BrowserRouter>
`;
